%!Adobe-FontList 1.18
%Locale:0x409

%BeginFont
Handler:DirectoryHandler
FontType:Type1
FontName:GTWalsheimBold
FamilyName:GT Walsheim
StyleName:Bold
MenuName:GT Walsheim Bold
StyleBits:0
WeightClass:700
WidthClass:5
AngleClass:0
FullName:GT Walsheim Bold
WritingScript:Roman
OutlineFileName:\GT-Walsheim-Bold.otf
DataFormat:sfntData
UsesStandardEncoding:yes
isCFF:yes
hasSVG:no
FileLength:148120
FileModTime:1478804252
NameArray:0,Mac,4,GT Walsheim Bold
NameArray:0,Win,1,GT Walsheim Bold
NameArray:0,Win,16,GT Walsheim
%EndFont

%BeginFont
Handler:DirectoryHandler
FontType:Type1
FontName:HelveticaNeueLTStd-Roman
FamilyName:Helvetica Neue LT Std
StyleName:55 Roman
MenuName:HelveticaNeueLT Std
StyleBits:0
WeightClass:400
WidthClass:5
AngleClass:0
FullName:Helvetica Neue LT Std 55 Roman
WritingScript:Roman
OutlineFileName:\HelveticaNeueLTStd-Roman.otf
DataFormat:sfntData
UsesStandardEncoding:yes
isCFF:yes
hasSVG:no
FileLength:29148
FileModTime:1521557992
NameArray:0,Mac,18,HelveticaNeueLT Std
NameArray:0,Mac,4,Helvetica Neue LT Std 55 Roman
NameArray:0,Win,1,HelveticaNeueLT Std
NameArray:0,Win,16,Helvetica Neue LT Std
%EndFont

